  Determining projects to restore...
  All projects are up-to-date for restore.
  Online-Learning-Platform-Ass1.Data -> C:\Users\an343\khanh-repo\Online-Learning-Platform-Ass1.Data\bin\Debug\net9.0\Online-Learning-Platform-Ass1.Data.dll
  Online-Learning-Platform-Ass1.Service -> C:\Users\an343\khanh-repo\Online-Learning-Platform-Ass1.Service\bin\Debug\net9.0\Online-Learning-Platform-Ass1.Service.dll
C:\Users\an343\khanh-repo\Online-Learning-Platform-Ass1.Web\Views\Course\Learn.cshtml(26,4): error RZ1006: The else block is missing a closing "}" character.  Make sure you have a matching "}" character for all the "{" characters within this block, and that none of the "}" characters are being interpreted as markup. [C:\Users\an343\khanh-repo\Online-Learning-Platform-Ass1.Web\Online-Learning-Platform-Ass1.Web.csproj]
C:\Users\an343\khanh-repo\Online-Learning-Platform-Ass1.Web\Views\Course\Learn.cshtml(28,6): error RZ1025: The "div" element was not closed.  All elements must be either self-closing or have a matching end tag. [C:\Users\an343\khanh-repo\Online-Learning-Platform-Ass1.Web\Online-Learning-Platform-Ass1.Web.csproj]
C:\Users\an343\khanh-repo\Online-Learning-Platform-Ass1.Web\Views\Course\Learn.cshtml(54,7): error RZ1006: The if block is missing a closing "}" character.  Make sure you have a matching "}" character for all the "{" characters within this block, and that none of the "}" characters are being interpreted as markup. [C:\Users\an343\khanh-repo\Online-Learning-Platform-Ass1.Web\Online-Learning-Platform-Ass1.Web.csproj]
C:\Users\an343\khanh-repo\Online-Learning-Platform-Ass1.Web\obj\Debug\net9.0\Microsoft.CodeAnalysis.Razor.Compiler\Microsoft.NET.Sdk.Razor.SourceGenerators.RazorSourceGenerator\Views_Course_Learn_cshtml.g.cs(275,60): error CS0116: A namespace cannot directly contain members such as fields, methods or statements [C:\Users\an343\khanh-repo\Online-Learning-Platform-Ass1.Web\Online-Learning-Platform-Ass1.Web.csproj]
C:\Users\an343\khanh-repo\Online-Learning-Platform-Ass1.Web\obj\Debug\net9.0\Microsoft.CodeAnalysis.Razor.Compiler\Microsoft.NET.Sdk.Razor.SourceGenerators.RazorSourceGenerator\Views_Course_Learn_cshtml.g.cs(279,70): error CS0116: A namespace cannot directly contain members such as fields, methods or statements [C:\Users\an343\khanh-repo\Online-Learning-Platform-Ass1.Web\Online-Learning-Platform-Ass1.Web.csproj]
C:\Users\an343\khanh-repo\Online-Learning-Platform-Ass1.Web\obj\Debug\net9.0\Microsoft.CodeAnalysis.Razor.Compiler\Microsoft.NET.Sdk.Razor.SourceGenerators.RazorSourceGenerator\Views_Course_Learn_cshtml.g.cs(283,71): error CS0116: A namespace cannot directly contain members such as fields, methods or statements [C:\Users\an343\khanh-repo\Online-Learning-Platform-Ass1.Web\Online-Learning-Platform-Ass1.Web.csproj]
C:\Users\an343\khanh-repo\Online-Learning-Platform-Ass1.Web\obj\Debug\net9.0\Microsoft.CodeAnalysis.Razor.Compiler\Microsoft.NET.Sdk.Razor.SourceGenerators.RazorSourceGenerator\Views_Course_Learn_cshtml.g.cs(287,143): error CS0116: A namespace cannot directly contain members such as fields, methods or statements [C:\Users\an343\khanh-repo\Online-Learning-Platform-Ass1.Web\Online-Learning-Platform-Ass1.Web.csproj]

Build FAILED.

C:\Users\an343\khanh-repo\Online-Learning-Platform-Ass1.Web\Views\Course\Learn.cshtml(26,4): error RZ1006: The else block is missing a closing "}" character.  Make sure you have a matching "}" character for all the "{" characters within this block, and that none of the "}" characters are being interpreted as markup. [C:\Users\an343\khanh-repo\Online-Learning-Platform-Ass1.Web\Online-Learning-Platform-Ass1.Web.csproj]
C:\Users\an343\khanh-repo\Online-Learning-Platform-Ass1.Web\Views\Course\Learn.cshtml(28,6): error RZ1025: The "div" element was not closed.  All elements must be either self-closing or have a matching end tag. [C:\Users\an343\khanh-repo\Online-Learning-Platform-Ass1.Web\Online-Learning-Platform-Ass1.Web.csproj]
C:\Users\an343\khanh-repo\Online-Learning-Platform-Ass1.Web\Views\Course\Learn.cshtml(54,7): error RZ1006: The if block is missing a closing "}" character.  Make sure you have a matching "}" character for all the "{" characters within this block, and that none of the "}" characters are being interpreted as markup. [C:\Users\an343\khanh-repo\Online-Learning-Platform-Ass1.Web\Online-Learning-Platform-Ass1.Web.csproj]
C:\Users\an343\khanh-repo\Online-Learning-Platform-Ass1.Web\obj\Debug\net9.0\Microsoft.CodeAnalysis.Razor.Compiler\Microsoft.NET.Sdk.Razor.SourceGenerators.RazorSourceGenerator\Views_Course_Learn_cshtml.g.cs(275,60): error CS0116: A namespace cannot directly contain members such as fields, methods or statements [C:\Users\an343\khanh-repo\Online-Learning-Platform-Ass1.Web\Online-Learning-Platform-Ass1.Web.csproj]
C:\Users\an343\khanh-repo\Online-Learning-Platform-Ass1.Web\obj\Debug\net9.0\Microsoft.CodeAnalysis.Razor.Compiler\Microsoft.NET.Sdk.Razor.SourceGenerators.RazorSourceGenerator\Views_Course_Learn_cshtml.g.cs(279,70): error CS0116: A namespace cannot directly contain members such as fields, methods or statements [C:\Users\an343\khanh-repo\Online-Learning-Platform-Ass1.Web\Online-Learning-Platform-Ass1.Web.csproj]
C:\Users\an343\khanh-repo\Online-Learning-Platform-Ass1.Web\obj\Debug\net9.0\Microsoft.CodeAnalysis.Razor.Compiler\Microsoft.NET.Sdk.Razor.SourceGenerators.RazorSourceGenerator\Views_Course_Learn_cshtml.g.cs(283,71): error CS0116: A namespace cannot directly contain members such as fields, methods or statements [C:\Users\an343\khanh-repo\Online-Learning-Platform-Ass1.Web\Online-Learning-Platform-Ass1.Web.csproj]
C:\Users\an343\khanh-repo\Online-Learning-Platform-Ass1.Web\obj\Debug\net9.0\Microsoft.CodeAnalysis.Razor.Compiler\Microsoft.NET.Sdk.Razor.SourceGenerators.RazorSourceGenerator\Views_Course_Learn_cshtml.g.cs(287,143): error CS0116: A namespace cannot directly contain members such as fields, methods or statements [C:\Users\an343\khanh-repo\Online-Learning-Platform-Ass1.Web\Online-Learning-Platform-Ass1.Web.csproj]
    0 Warning(s)
    7 Error(s)

Time Elapsed 00:00:03.91
